<html>
<body>
<pre>
<h1>礦ision Build Log</h1>
<h2>Tool Versions:</h2>
IDE-Version: μVision V5.20.0.0
Copyright (C) 2016 ARM Ltd and ARM Germany GmbH. All rights reserved.
License Information: later AutoBVT, Microsoft, LIC=EPPJJ-UC454-D2WL7-E98IK-6DJAI-6EK5V
 
Tool Versions:
Toolchain:       MDK-ARM Professional  Version: 5.20
Toolchain Path:  D:\Keil_v5_all\ARM\ARMCC\Bin
C Compiler:      Armcc.exe V5.06 update 2 (build 183)
Assembler:       Armasm.exe V5.06 update 2 (build 183)
Linker/Locator:  ArmLink.exe V5.06 update 2 (build 183)
Library Manager: ArmAr.exe V5.06 update 2 (build 183)
Hex Converter:   FromElf.exe V5.06 update 2 (build 183)
CPU DLL:         SARMCM3.DLL V5.20
Dialog DLL:      DARMSTM.DLL V1.66.0.0
Target DLL:      Segger\JL2CM3.dll V2.99.20.0
Dialog DLL:      TARMSTM.DLL V1.65.0.0
 
<h2>Project:</h2>
F:\bishe\STM32\ALIENTEK MiniSTM32 V3.0开发板资料\9，增值资料\1，ALIENTEK 产品资料\28，ATK-OV7725摄像头模块资料\2，程序源码\（库函数版本，适合MiniSTM32F1开发板）扩展实验9 摄像头实验\USER\OV7670_OV7725.uvprojx
Project File Date:  01/18/2020

<h2>Output:</h2>
*** Using Compiler 'V5.06 update 2 (build 183)', folder: 'D:\Keil_v5_all\ARM\ARMCC\Bin'
Rebuild target 'Target 1'
compiling stm32f10x_it.c...
compiling main.c...
compiling system_stm32f10x.c...
compiling led.c...
compiling exti.c...
compiling timer.c...
compiling sccb.c...
compiling key.c...
compiling ov7670.c...
compiling ov7725.c...
compiling lcd.c...
compiling delay.c...
compiling sys.c...
compiling usart.c...
assembling startup_stm32f10x_hd.s...
compiling core_cm3.c...
compiling stm32f10x_gpio.c...
compiling stm32f10x_usart.c...
compiling stm32f10x_rcc.c...
compiling stm32f10x_exti.c...
compiling misc.c...
compiling stm32f10x_tim.c...
compiling usmart.c...
compiling usmart_config.c...
compiling usmart_str.c...
linking...
Program Size: Code=30736 RO-data=7456 RW-data=468 ZI-data=1852  
FromELF: creating hex file...
"..\OBJ\TIMER.axf" - 0 Error(s), 0 Warning(s).

<h2>Collection of Component include folders:</h2>
  F:\bishe\STM32\ALIENTEK MiniSTM32 V3.0开发板资料\9，增值资料\1，ALIENTEK 产品资料\28，ATK-OV7725摄像头模块资料\2，程序源码\（库函数版本，适合MiniSTM32F1开发板）扩展实验9 摄像头实验\USER\RTE
  D:\Keil_v5_all\ARM\PACK\Keil\STM32F1xx_DFP\1.0.5\Device\Include

<h2>Collection of Component Files used:</h2>
Build Time Elapsed:  00:00:10
</pre>
</body>
</html>
